mode: set
train-trip/handlers.go:27.71,29.62 2 1
train-trip/handlers.go:29.62,32.3 2 0
train-trip/handlers.go:35.24,37.2 1 1
train-trip/handlers.go:39.23,41.2 1 0
train-trip/handlers.go:44.33,46.17 2 1
train-trip/handlers.go:46.17,48.3 1 1
train-trip/handlers.go:49.2,49.19 1 1
train-trip/handlers.go:60.38,62.21 2 1
train-trip/handlers.go:62.21,64.3 1 1
train-trip/handlers.go:65.2,65.82 1 1
train-trip/handlers.go:68.43,69.15 1 1
train-trip/handlers.go:69.15,71.3 1 1
train-trip/handlers.go:72.2,74.26 3 1
train-trip/handlers.go:74.26,76.17 2 1
train-trip/handlers.go:76.17,78.4 1 1
train-trip/handlers.go:79.3,79.25 1 1
train-trip/handlers.go:81.2,81.18 1 1
train-trip/handlers.go:84.30,86.2 1 1
train-trip/handlers.go:88.36,90.25 2 1
train-trip/handlers.go:90.25,92.3 1 1
train-trip/handlers.go:93.2,93.33 1 1
train-trip/handlers.go:181.70,183.2 1 0
train-trip/handlers.go:186.75,193.18 6 1
train-trip/handlers.go:193.18,197.3 3 1
train-trip/handlers.go:199.2,200.16 2 1
train-trip/handlers.go:200.16,202.3 1 0
train-trip/handlers.go:205.2,206.19 2 1
train-trip/handlers.go:206.19,208.20 2 1
train-trip/handlers.go:208.20,210.4 1 0
train-trip/handlers.go:213.2,214.16 2 1
train-trip/handlers.go:214.16,218.3 3 0
train-trip/handlers.go:220.2,221.34 2 1
train-trip/handlers.go:221.34,222.43 1 0
train-trip/handlers.go:222.43,223.12 1 0
train-trip/handlers.go:225.3,226.90 2 0
train-trip/handlers.go:226.90,227.12 1 0
train-trip/handlers.go:229.3,231.16 3 0
train-trip/handlers.go:231.16,233.4 1 0
train-trip/handlers.go:234.3,234.20 1 0
train-trip/handlers.go:234.20,235.12 1 0
train-trip/handlers.go:237.3,240.31 4 0
train-trip/handlers.go:240.31,242.4 1 0
train-trip/handlers.go:243.3,256.21 3 0
train-trip/handlers.go:256.21,257.9 1 0
train-trip/handlers.go:261.2,268.4 1 1
train-trip/handlers.go:272.78,280.16 7 1
train-trip/handlers.go:280.16,284.3 3 0
train-trip/handlers.go:287.2,289.36 3 1
train-trip/handlers.go:289.36,290.15 1 0
train-trip/handlers.go:290.15,291.30 1 0
train-trip/handlers.go:291.30,293.5 1 0
train-trip/handlers.go:294.4,294.12 1 0
train-trip/handlers.go:296.3,296.43 1 0
train-trip/handlers.go:296.43,297.12 1 0
train-trip/handlers.go:299.3,300.38 2 0
train-trip/handlers.go:300.38,303.4 2 0
train-trip/handlers.go:304.3,304.15 1 0
train-trip/handlers.go:304.15,306.4 1 0
train-trip/handlers.go:307.3,313.5 1 0
train-trip/handlers.go:316.2,324.4 1 1
train-trip/handlers.go:328.72,331.34 3 0
train-trip/handlers.go:331.34,334.3 2 0
train-trip/handlers.go:335.2,336.55 2 0
train-trip/handlers.go:340.68,345.62 5 1
train-trip/handlers.go:345.62,348.3 2 1
train-trip/handlers.go:349.2,350.35 2 1
train-trip/handlers.go:353.72,356.27 3 1
train-trip/handlers.go:356.27,364.17 3 1
train-trip/handlers.go:364.17,368.12 4 0
train-trip/handlers.go:371.3,376.37 5 1
train-trip/handlers.go:376.37,377.31 1 0
train-trip/handlers.go:377.31,379.42 2 0
train-trip/handlers.go:379.42,382.6 2 0
train-trip/handlers.go:383.5,383.17 1 0
train-trip/handlers.go:383.17,385.6 1 0
train-trip/handlers.go:386.5,389.43 4 0
train-trip/handlers.go:391.4,391.29 1 0
train-trip/handlers.go:391.29,393.40 2 0
train-trip/handlers.go:393.40,396.6 2 0
train-trip/handlers.go:397.5,397.17 1 0
train-trip/handlers.go:397.17,399.6 1 0
train-trip/handlers.go:400.5,401.35 2 0
train-trip/handlers.go:406.3,408.10 3 1
train-trip/handlers.go:409.37,410.29 1 0
train-trip/handlers.go:411.85,412.26 1 0
train-trip/handlers.go:413.27,414.27 1 0
train-trip/handlers.go:415.11,416.27 1 1
train-trip/handlers.go:419.3,419.18 1 1
train-trip/handlers.go:422.2,423.14 2 1
train-trip/handlers.go:426.72,427.36 1 1
train-trip/handlers.go:427.36,431.62 4 0
train-trip/handlers.go:431.62,432.12 1 0
train-trip/handlers.go:434.3,440.90 7 0
train-trip/handlers.go:447.85,449.16 2 0
train-trip/handlers.go:449.16,451.3 1 0
train-trip/handlers.go:452.2,454.34 3 0
train-trip/handlers.go:454.34,455.43 1 0
train-trip/handlers.go:455.43,456.12 1 0
train-trip/handlers.go:458.3,459.90 2 0
train-trip/handlers.go:459.90,460.12 1 0
train-trip/handlers.go:462.3,463.16 2 0
train-trip/handlers.go:463.16,465.4 1 0
train-trip/handlers.go:466.3,466.35 1 0
train-trip/handlers.go:466.35,467.12 1 0
train-trip/handlers.go:469.3,472.13 4 0
train-trip/handlers.go:472.13,473.9 1 0
train-trip/handlers.go:476.2,476.13 1 0
train-trip/handlers.go:479.70,480.36 1 0
train-trip/handlers.go:480.36,481.23 1 0
train-trip/handlers.go:481.23,483.4 1 0
train-trip/handlers.go:485.2,485.14 1 0
train-trip/handlers.go:488.57,489.36 1 1
train-trip/handlers.go:489.36,490.23 1 0
train-trip/handlers.go:490.23,493.4 1 0
train-trip/handlers.go:495.2,495.14 1 1
train-trip/handlers.go:499.45,502.20 3 1
train-trip/handlers.go:502.20,504.3 1 1
train-trip/handlers.go:505.2,506.11 2 1
train-trip/handlers.go:506.11,508.3 1 1
train-trip/handlers.go:509.2,509.10 1 1
train-trip/handlers.go:512.33,514.20 2 1
train-trip/handlers.go:514.20,516.3 1 1
train-trip/handlers.go:517.2,519.32 3 1
train-trip/handlers.go:519.32,521.3 1 1
train-trip/handlers.go:522.2,522.17 1 1
train-trip/handlers.go:525.58,526.35 1 1
train-trip/handlers.go:526.35,528.3 1 1
train-trip/handlers.go:529.2,529.19 1 1
train-trip/handlers.go:529.19,531.3 1 1
train-trip/handlers.go:532.2,532.18 1 1
train-trip/handlers.go:536.31,538.17 2 1
train-trip/handlers.go:538.17,540.3 1 1
train-trip/handlers.go:541.2,541.28 1 1
train-trip/main.go:15.13,25.29 5 0
train-trip/main.go:25.29,25.49 1 0
train-trip/main.go:26.29,26.48 1 0
train-trip/main.go:27.50,30.4 2 0
train-trip/main.go:32.2,32.16 1 0
train-trip/main.go:32.16,35.3 2 0
train-trip/main.go:37.2,50.57 10 0
train-trip/main.go:50.57,53.3 2 0
train-trip/main.go:62.26,65.16 3 0
train-trip/main.go:65.16,67.3 1 0
train-trip/main.go:68.2,69.19 2 0
train-trip/main.go:69.19,71.3 1 0
train-trip/main.go:72.2,76.3 1 0
train-trip/main.go:79.30,81.16 2 0
train-trip/main.go:81.16,83.3 1 0
train-trip/main.go:84.2,86.16 3 0
train-trip/main.go:86.16,88.49 2 0
train-trip/main.go:88.49,89.12 1 0
train-trip/main.go:91.3,92.10 2 0
train-trip/main.go:92.10,93.12 1 0
train-trip/main.go:95.3,97.25 3 0
train-trip/main.go:97.25,99.4 1 0
train-trip/rtt.go:35.60,41.2 1 0
train-trip/rtt.go:54.51,58.71 3 0
train-trip/rtt.go:58.71,60.3 1 0
train-trip/rtt.go:62.2,63.16 2 0
train-trip/rtt.go:63.16,65.3 1 0
train-trip/rtt.go:66.2,71.16 5 0
train-trip/rtt.go:71.16,73.3 1 0
train-trip/rtt.go:74.2,77.16 3 0
train-trip/rtt.go:77.16,79.3 1 0
train-trip/rtt.go:80.2,80.38 1 0
train-trip/rtt.go:80.38,82.3 1 0
train-trip/rtt.go:84.2,85.50 2 0
train-trip/rtt.go:85.50,87.3 1 0
train-trip/rtt.go:89.2,90.16 2 0
train-trip/rtt.go:90.16,92.3 1 0
train-trip/rtt.go:93.2,96.27 4 0
train-trip/rtt.go:99.54,101.63 2 0
train-trip/rtt.go:101.63,105.3 3 0
train-trip/rtt.go:106.2,109.16 3 0
train-trip/rtt.go:109.16,111.3 1 0
train-trip/rtt.go:113.2,115.16 3 0
train-trip/rtt.go:115.16,117.3 1 0
train-trip/rtt.go:118.2,123.16 5 0
train-trip/rtt.go:123.16,125.3 1 0
train-trip/rtt.go:126.2,129.16 3 0
train-trip/rtt.go:129.16,131.3 1 0
train-trip/rtt.go:132.2,132.38 1 0
train-trip/rtt.go:132.38,134.3 1 0
train-trip/rtt.go:136.2,140.18 4 0
train-trip/rtt.go:148.91,153.16 5 0
train-trip/rtt.go:153.16,155.3 1 0
train-trip/rtt.go:157.2,159.50 3 0
train-trip/rtt.go:159.50,161.3 1 0
train-trip/rtt.go:162.2,162.17 1 0
train-trip/rtt.go:169.76,174.16 5 0
train-trip/rtt.go:174.16,176.3 1 0
train-trip/rtt.go:178.2,180.55 3 0
train-trip/rtt.go:180.55,182.3 1 0
train-trip/rtt.go:183.2,183.30 1 0
train-trip/rtt.go:187.36,188.20 1 1
train-trip/rtt.go:188.20,190.3 1 1
train-trip/rtt.go:191.2,191.52 1 1
train-trip/rtt.go:196.45,198.20 2 1
train-trip/rtt.go:198.20,200.3 1 1
train-trip/rtt.go:201.2,201.48 1 1
train-trip/rtt.go:275.35,276.20 1 1
train-trip/rtt.go:276.20,278.3 1 1
train-trip/rtt.go:279.2,279.11 1 1
train-trip/rtt.go:297.39,298.36 1 0
train-trip/rtt.go:298.36,300.3 1 0
train-trip/rtt.go:301.2,301.11 1 0
train-trip/rtt.go:305.42,306.24 1 1
train-trip/rtt.go:306.24,308.3 1 1
train-trip/rtt.go:309.2,309.16 1 1
train-trip/stations.go:1666.48,1668.29 2 0
train-trip/stations.go:1668.29,1669.38 1 0
train-trip/stations.go:1669.38,1671.4 1 0
train-trip/stations.go:1673.2,1673.18 1 0
train-trip/stations.go:1677.37,1678.29 1 1
train-trip/stations.go:1678.29,1679.19 1 1
train-trip/stations.go:1679.19,1681.4 1 1
train-trip/stations.go:1683.2,1683.12 1 0
